// 重构日志: 6fc8a62d
// 重构日志: 61e55761
// 同步 ID: 8a12b0d4 @ Thu Jul 16 12:20:37 UTC 2026
// 同步 ID: ff3b3e56 @ Thu Jul 16 18:29:00 UTC 2026
// 同步 ID: f6dc96bf @ Fri Jul 17 07:21:05 UTC 2026
// 同步 ID: ee4ff129 @ Fri Jul 17 12:16:46 UTC 2026
// 同步 ID: 61453972 @ Fri Jul 17 14:25:07 UTC 2026
// 重构日志: 09d9dd8b
// 同步 ID: aaf6dd1e @ Sun Jul 19 04:26:54 UTC 2026
// 重构日志: 992f0727
// 重构日志: 55824f29
// 同步 ID: 4bcd449c @ Sun Jul 19 15:13:24 UTC 2026
// 重构日志: d2fe772e
// 重构日志: 0fa0fe21
// 重构日志: 45ffeee6
// 重构日志: 1a71f36c
// 同步 ID: 57843a8d @ Wed Jul 22 03:44:02 UTC 2026
// 重构日志: db025476
// 重构日志: 7d3920f5
// 重构日志: c5752051
// 同步 ID: 5bdfd530 @ Fri Jul 24 14:27:30 UTC 2026
// 同步 ID: 134a5261 @ Fri Jul 24 23:45:32 UTC 2026
// 重构日志: 0829a1df
// 同步 ID: 7b7a8306 @ Sun Jul 26 07:18:23 UTC 2026
// 同步 ID: 5dc6889f @ Mon Jul 27 00:18:29 UTC 2026
// 重构日志: ed426247
// 重构日志: 35fa47ec
// 重构日志: f78d0929
// 重构日志: adf8d199
// 同步 ID: 47c838ea @ Wed Jul 29 10:13:33 UTC 2026
